Running AEO Scan on new domain: math-test-xyz.com...
Discovery scrape failed: [Errno 11001] getaddrinfo failed

--- RAW DATA ---
Total runs: 12
0 mentions across all scan groups.

--- CLAUDE 0.0 CHECK ---
Raw Claude response excerpt:
